  • electron-builder  version=26.15.3 os=10.0.19045
  • Implicit publishing triggered by CI detection. This behavior will be disabled in electron-builder v27. Please use --publish explicitly.
  • loaded configuration  file=package.json ("build" field)
  • executing @electron/rebuild  electronVersion=44.2.0 arch=x64 buildFromSource=false workspaceRoot=F:\云枢哲创\项目\wenjianguanli projectDir=./ appDir=./
  • installing native dependencies  arch=x64
  • completed installing native dependencies
  • packaging       platform=win32 arch=x64 electron=44.2.0 appOutDir=dist2\win-unpacked
  • downloaded      label=electron progress=100%
node.exe : 
At line:1 char:1
+ & "C:\PROGRAM FILES\NODEJS/node.exe" "C:\PROGRAM FILES\NODEJS/node_mo ...
+ ~~~~~~~~~~~~~~~~~~~~~~~~~~~~~~~~~~~~~~~~~~~~~~~~~~~~~~~~~~~~~~~~~~~~~
    + CategoryInfo          : NotSpecified: (:String) [], RemoteException
    + FullyQualifiedErrorId : NativeCommandError
 

  • downloaded electron zip extracted successfully  output=F:\云枢哲创\项目\wenjianguanli\dist2\win-unpacked
  • searching for node modules  pm=npm searchDir=F:\云枢哲创\项目\wenjianguanli
  • updating asar integrity executable resource  executablePath=dist2\win-unpacked\文件管理系统.exe
  • signing with signtool.exe  path=dist2\win-unpacked\文件管理系统.exe
  • building        target=nsis file=dist2\文件管理系统-Setup-1.0.0.exe archs=x64 oneClick=false perMachine=false
  • downloaded      label=nsis-3.0.4.1.7z progress=100%
  • downloaded      label=7zip-win-x64.tar.gz progress=100%
  • signing with signtool.exe  path=dist2\win-unpacked\resources\elevate.exe
  • downloaded      label=nsis-resources-3.4.1.7z progress=100%
  • signing with signtool.exe  path=dist2\文件管理系统-Setup-1.0.0.__uninstaller.exe
  • signing with signtool.exe  path=dist2\文件管理系统-Setup-1.0.0.exe
  • building block map  blockMapFile=dist2\文件管理系统-Setup-1.0.0.exe.blockmap
