
[16312:0913/120456.759:ERROR:net\disk_cache\cache_util_win.cc:25] Unable to move the cache: 拒绝访问。 (0x5)
[16312:0913/120456.760:ERROR:net\disk_cache\cache_util_win.cc:25] Unable to move the cache: 拒绝访问。 (0x5)
[16312:0913/120456.760:ERROR:net\disk_cache\cache_util_win.cc:25] Unable to move the cache: 拒绝访问。 (0x5)
[16312:0913/120456.762:ERROR:net\disk_cache\disk_cache.cc:290] Unable to create cache
[16312:0913/120456.762:ERROR:gpu\ipc\host\gpu_disk_cache.cc:737] Gpu Cache Creation failed: -2
[16312:0913/120456.762:ERROR:net\disk_cache\disk_cache.cc:290] Unable to create cache
[16312:0913/120456.762:ERROR:gpu\ipc\host\gpu_disk_cache.cc:737] Gpu Cache Creation failed: -2
[16312:0913/120456.763:ERROR:net\disk_cache\disk_cache.cc:290] Unable to create cache
[16312:0913/120456.763:ERROR:gpu\ipc\host\gpu_disk_cache.cc:737] Gpu Cache Creation failed: -2
(electron) 'console-message' arguments are deprecated and will be removed. Please use Event<WebContentsConsoleMessageEventParams> object instead.
[渲染] %cElectron Security Warning (Insecure Content-Security-Policy) font-weight: bold; This renderer process has either no Content Security
  Policy set or a policy with "unsafe-eval" enabled. This exposes users of
  this app to unnecessary security risks.

For more information and help, consult
https://electronjs.org/docs/tutorial/security.
This warning will not show up
once the app is packaged.
[渲染] Warning: Indexing all PDF objects
[渲染] [调试] 打开PDF: BXB10025/YSZC-ME02-05-001-V1.1针齿壳BXSB10025.PDF 标注: {"1":[{"id":"amtz8ochtnfvql","type":"text","x":0.03,"y":0.03,"text":"原材料: 2","color":"#1e40af","scale":1,"source":"bom","bomField":"material"},{"id":"amtz8ochtg1c6l","type":"text","x":0.03,"y":0.07,"text":"材质: 3","color":"#1e40af","scale":1,"source":"bom","bomField":"texture"},{"id":"amtz8ocht41zpw","type":"text","x":0.03,"y":0.11,"text":"备注: 4","color":"#1e40af","scale":1,"source":"bom","bomField":"remark"}]}
[渲染] [调试] 准备渲染页面, pageNum= 1 pdfDoc= true
[渲染] [调试] renderPage开始, num= 1
[渲染] [调试] 获取页面成功
[渲染] [调试] containerWidth= 1084 baseViewport= 595 842
[渲染] [调试] canvasCssW= 1028 canvasCssH= 1454.7495798319328
[渲染] [调试] outputScale= 1.5 longest= 1454.7495798319328
[渲染] [调试] canvas设置完成 1542 2182
[渲染] [调试] updateCanvasTransform完成
[渲染] [调试] 开始page.render
[渲染] [调试] page.render已创建
[渲染] [调试] 渲染异常: 渲染超时
[渲染] [调试] drawAnnotations: 页码 1 标注数 3 canvasCssW 1028 canvasCssH 1454.7495798319328
[渲染] [调试] 渲染页面完成
